Startup failure: System.ArgumentOutOfRangeException: value ('0') must be less than '0'. (Parameter 'value')
Actual value was 0.
   at System.ArgumentOutOfRangeException.ThrowGreaterEqual[T](T value, T other, String paramName)
   at System.ArgumentOutOfRangeException.ThrowIfGreaterThanOrEqual[T](T value, T other, String paramName)
   at System.Windows.Forms.ComboBox.set_SelectedIndex(Int32 value)
   at KhmerAstrology.WinForms.MainForm.CountryComboBoxOnSelectedIndexChanged(Object sender, EventArgs e) in D:\RiderProjects\KhmerAstrology\src\KhmerAstrology.WinForms\MainForm.cs:line 807
   at KhmerAstrology.WinForms.MainForm.BuildInputPanel() in D:\RiderProjects\KhmerAstrology\src\KhmerAstrology.WinForms\MainForm.cs:line 383
   at KhmerAstrology.WinForms.MainForm.BuildTabs() in D:\RiderProjects\KhmerAstrology\src\KhmerAstrology.WinForms\MainForm.cs:line 237
   at KhmerAstrology.WinForms.MainForm.BuildLayout() in D:\RiderProjects\KhmerAstrology\src\KhmerAstrology.WinForms\MainForm.cs:line 113
   at KhmerAstrology.WinForms.MainForm..ctor(IAstrologyCalculationService astrologyCalculationService, ILocationReferenceDataSource locationReferenceDataSource, UiFontProvider fontProvider) in D:\RiderProjects\KhmerAstrology\src\KhmerAstrology.WinForms\MainForm.cs:line 82
   at System.Reflection.MethodBaseInvoker.InterpretedInvoke_Constructor(Object obj, IntPtr* args)
   at System.Reflection.MethodBaseInvoker.InvokeDirectByRefWithFewArgs(Object obj, Span`1 copyOfArgs, BindingFlags invokeAttr)
   at System.Reflection.MethodBaseInvoker.InvokeWithFewArgs(Object obj, BindingFlags invokeAttr, Binder binder, Object[] parameters, CultureInfo culture)
   at System.Reflection.RuntimeConstructorInfo.Invoke(BindingFlags invokeAttr, Binder binder, Object[] parameters, CultureInfo culture)
   at Microsoft.Extensions.DependencyInjection.ServiceLookup.CallSiteRuntimeResolver.VisitConstructor(ConstructorCallSite constructorCallSite, RuntimeResolverContext context)
   at Microsoft.Extensions.DependencyInjection.ServiceLookup.CallSiteVisitor`2.VisitCallSiteMain(ServiceCallSite callSite, TArgument argument)
   at Microsoft.Extensions.DependencyInjection.ServiceLookup.CallSiteRuntimeResolver.VisitDisposeCache(ServiceCallSite transientCallSite, RuntimeResolverContext context)
   at Microsoft.Extensions.DependencyInjection.ServiceLookup.CallSiteVisitor`2.VisitCallSite(ServiceCallSite callSite, TArgument argument)
   at Microsoft.Extensions.DependencyInjection.ServiceLookup.CallSiteRuntimeResolver.Resolve(ServiceCallSite callSite, ServiceProviderEngineScope scope)
   at Microsoft.Extensions.DependencyInjection.ServiceLookup.DynamicServiceProviderEngine.<>c__DisplayClass2_0.<RealizeService>b__0(ServiceProviderEngineScope scope)
   at Microsoft.Extensions.DependencyInjection.ServiceProvider.GetService(ServiceIdentifier serviceIdentifier, ServiceProviderEngineScope serviceProviderEngineScope)
   at Microsoft.Extensions.DependencyInjection.ServiceProvider.GetService(Type serviceType)
   at Microsoft.Extensions.DependencyInjection.ServiceProviderServiceExtensions.GetRequiredService(IServiceProvider provider, Type serviceType)
   at Microsoft.Extensions.DependencyInjection.ServiceProviderServiceExtensions.GetRequiredService[T](IServiceProvider provider)
   at KhmerAstrology.WinForms.Program.Main() in D:\RiderProjects\KhmerAstrology\src\KhmerAstrology.WinForms\Program.cs:line 29
Startup failure: System.ArgumentOutOfRangeException: value ('0') must be less than '0'. (Parameter 'value')
Actual value was 0.
   at System.ArgumentOutOfRangeException.ThrowGreaterEqual[T](T value, T other, String paramName)
   at System.ArgumentOutOfRangeException.ThrowIfGreaterThanOrEqual[T](T value, T other, String paramName)
   at System.Windows.Forms.ComboBox.set_SelectedIndex(Int32 value)
   at KhmerAstrology.WinForms.MainForm.CountryComboBoxOnSelectedIndexChanged(Object sender, EventArgs e) in D:\RiderProjects\KhmerAstrology\src\KhmerAstrology.WinForms\MainForm.cs:line 807
   at KhmerAstrology.WinForms.MainForm.BuildInputPanel() in D:\RiderProjects\KhmerAstrology\src\KhmerAstrology.WinForms\MainForm.cs:line 383
   at KhmerAstrology.WinForms.MainForm.BuildTabs() in D:\RiderProjects\KhmerAstrology\src\KhmerAstrology.WinForms\MainForm.cs:line 237
   at KhmerAstrology.WinForms.MainForm.BuildLayout() in D:\RiderProjects\KhmerAstrology\src\KhmerAstrology.WinForms\MainForm.cs:line 113
   at KhmerAstrology.WinForms.MainForm..ctor(IAstrologyCalculationService astrologyCalculationService, ILocationReferenceDataSource locationReferenceDataSource, UiFontProvider fontProvider) in D:\RiderProjects\KhmerAstrology\src\KhmerAstrology.WinForms\MainForm.cs:line 82
   at System.Reflection.MethodBaseInvoker.InterpretedInvoke_Constructor(Object obj, IntPtr* args)
   at System.Reflection.MethodBaseInvoker.InvokeDirectByRefWithFewArgs(Object obj, Span`1 copyOfArgs, BindingFlags invokeAttr)
   at System.Reflection.MethodBaseInvoker.InvokeWithFewArgs(Object obj, BindingFlags invokeAttr, Binder binder, Object[] parameters, CultureInfo culture)
   at System.Reflection.RuntimeConstructorInfo.Invoke(BindingFlags invokeAttr, Binder binder, Object[] parameters, CultureInfo culture)
   at Microsoft.Extensions.DependencyInjection.ServiceLookup.CallSiteRuntimeResolver.VisitConstructor(ConstructorCallSite constructorCallSite, RuntimeResolverContext context)
   at Microsoft.Extensions.DependencyInjection.ServiceLookup.CallSiteVisitor`2.VisitCallSiteMain(ServiceCallSite callSite, TArgument argument)
   at Microsoft.Extensions.DependencyInjection.ServiceLookup.CallSiteRuntimeResolver.VisitDisposeCache(ServiceCallSite transientCallSite, RuntimeResolverContext context)
   at Microsoft.Extensions.DependencyInjection.ServiceLookup.CallSiteVisitor`2.VisitCallSite(ServiceCallSite callSite, TArgument argument)
   at Microsoft.Extensions.DependencyInjection.ServiceLookup.CallSiteRuntimeResolver.Resolve(ServiceCallSite callSite, ServiceProviderEngineScope scope)
   at Microsoft.Extensions.DependencyInjection.ServiceLookup.DynamicServiceProviderEngine.<>c__DisplayClass2_0.<RealizeService>b__0(ServiceProviderEngineScope scope)
   at Microsoft.Extensions.DependencyInjection.ServiceProvider.GetService(ServiceIdentifier serviceIdentifier, ServiceProviderEngineScope serviceProviderEngineScope)
   at Microsoft.Extensions.DependencyInjection.ServiceProvider.GetService(Type serviceType)
   at Microsoft.Extensions.DependencyInjection.ServiceProviderServiceExtensions.GetRequiredService(IServiceProvider provider, Type serviceType)
   at Microsoft.Extensions.DependencyInjection.ServiceProviderServiceExtensions.GetRequiredService[T](IServiceProvider provider)
   at KhmerAstrology.WinForms.Program.Main() in D:\RiderProjects\KhmerAstrology\src\KhmerAstrology.WinForms\Program.cs:line 29
Startup failure: System.ArgumentOutOfRangeException: value ('0') must be less than '0'. (Parameter 'value')
Actual value was 0.
   at System.ArgumentOutOfRangeException.ThrowGreaterEqual[T](T value, T other, String paramName)
   at System.ArgumentOutOfRangeException.ThrowIfGreaterThanOrEqual[T](T value, T other, String paramName)
   at System.Windows.Forms.ComboBox.set_SelectedIndex(Int32 value)
   at KhmerAstrology.WinForms.MainForm.CountryComboBoxOnSelectedIndexChanged(Object sender, EventArgs e) in D:\RiderProjects\KhmerAstrology\src\KhmerAstrology.WinForms\MainForm.cs:line 807
   at KhmerAstrology.WinForms.MainForm.BuildInputPanel() in D:\RiderProjects\KhmerAstrology\src\KhmerAstrology.WinForms\MainForm.cs:line 383
   at KhmerAstrology.WinForms.MainForm.BuildTabs() in D:\RiderProjects\KhmerAstrology\src\KhmerAstrology.WinForms\MainForm.cs:line 237
   at KhmerAstrology.WinForms.MainForm.BuildLayout() in D:\RiderProjects\KhmerAstrology\src\KhmerAstrology.WinForms\MainForm.cs:line 113
   at KhmerAstrology.WinForms.MainForm..ctor(IAstrologyCalculationService astrologyCalculationService, ILocationReferenceDataSource locationReferenceDataSource, UiFontProvider fontProvider) in D:\RiderProjects\KhmerAstrology\src\KhmerAstrology.WinForms\MainForm.cs:line 82
   at System.Reflection.MethodBaseInvoker.InterpretedInvoke_Constructor(Object obj, IntPtr* args)
   at System.Reflection.MethodBaseInvoker.InvokeDirectByRefWithFewArgs(Object obj, Span`1 copyOfArgs, BindingFlags invokeAttr)
   at System.Reflection.MethodBaseInvoker.InvokeWithFewArgs(Object obj, BindingFlags invokeAttr, Binder binder, Object[] parameters, CultureInfo culture)
   at System.Reflection.RuntimeConstructorInfo.Invoke(BindingFlags invokeAttr, Binder binder, Object[] parameters, CultureInfo culture)
   at Microsoft.Extensions.DependencyInjection.ServiceLookup.CallSiteRuntimeResolver.VisitConstructor(ConstructorCallSite constructorCallSite, RuntimeResolverContext context)
   at Microsoft.Extensions.DependencyInjection.ServiceLookup.CallSiteVisitor`2.VisitCallSiteMain(ServiceCallSite callSite, TArgument argument)
   at Microsoft.Extensions.DependencyInjection.ServiceLookup.CallSiteRuntimeResolver.VisitDisposeCache(ServiceCallSite transientCallSite, RuntimeResolverContext context)
   at Microsoft.Extensions.DependencyInjection.ServiceLookup.CallSiteVisitor`2.VisitCallSite(ServiceCallSite callSite, TArgument argument)
   at Microsoft.Extensions.DependencyInjection.ServiceLookup.CallSiteRuntimeResolver.Resolve(ServiceCallSite callSite, ServiceProviderEngineScope scope)
   at Microsoft.Extensions.DependencyInjection.ServiceLookup.DynamicServiceProviderEngine.<>c__DisplayClass2_0.<RealizeService>b__0(ServiceProviderEngineScope scope)
   at Microsoft.Extensions.DependencyInjection.ServiceProvider.GetService(ServiceIdentifier serviceIdentifier, ServiceProviderEngineScope serviceProviderEngineScope)
   at Microsoft.Extensions.DependencyInjection.ServiceProvider.GetService(Type serviceType)
   at Microsoft.Extensions.DependencyInjection.ServiceProviderServiceExtensions.GetRequiredService(IServiceProvider provider, Type serviceType)
   at Microsoft.Extensions.DependencyInjection.ServiceProviderServiceExtensions.GetRequiredService[T](IServiceProvider provider)
   at KhmerAstrology.WinForms.Program.Main() in D:\RiderProjects\KhmerAstrology\src\KhmerAstrology.WinForms\Program.cs:line 29
Startup failure: System.ArgumentOutOfRangeException: value ('0') must be less than '0'. (Parameter 'value')
Actual value was 0.
   at System.ArgumentOutOfRangeException.ThrowGreaterEqual[T](T value, T other, String paramName)
   at System.ArgumentOutOfRangeException.ThrowIfGreaterThanOrEqual[T](T value, T other, String paramName)
   at System.Windows.Forms.ComboBox.set_SelectedIndex(Int32 value)
   at KhmerAstrology.WinForms.MainForm.CountryComboBoxOnSelectedIndexChanged(Object sender, EventArgs e) in D:\RiderProjects\KhmerAstrology\src\KhmerAstrology.WinForms\MainForm.cs:line 807
   at KhmerAstrology.WinForms.MainForm.BuildInputPanel() in D:\RiderProjects\KhmerAstrology\src\KhmerAstrology.WinForms\MainForm.cs:line 383
   at KhmerAstrology.WinForms.MainForm.BuildTabs() in D:\RiderProjects\KhmerAstrology\src\KhmerAstrology.WinForms\MainForm.cs:line 237
   at KhmerAstrology.WinForms.MainForm.BuildLayout() in D:\RiderProjects\KhmerAstrology\src\KhmerAstrology.WinForms\MainForm.cs:line 113
   at KhmerAstrology.WinForms.MainForm..ctor(IAstrologyCalculationService astrologyCalculationService, ILocationReferenceDataSource locationReferenceDataSource, UiFontProvider fontProvider) in D:\RiderProjects\KhmerAstrology\src\KhmerAstrology.WinForms\MainForm.cs:line 82
   at System.Reflection.MethodBaseInvoker.InterpretedInvoke_Constructor(Object obj, IntPtr* args)
   at System.Reflection.MethodBaseInvoker.InvokeDirectByRefWithFewArgs(Object obj, Span`1 copyOfArgs, BindingFlags invokeAttr)
   at System.Reflection.MethodBaseInvoker.InvokeWithFewArgs(Object obj, BindingFlags invokeAttr, Binder binder, Object[] parameters, CultureInfo culture)
   at System.Reflection.RuntimeConstructorInfo.Invoke(BindingFlags invokeAttr, Binder binder, Object[] parameters, CultureInfo culture)
   at Microsoft.Extensions.DependencyInjection.ServiceLookup.CallSiteRuntimeResolver.VisitConstructor(ConstructorCallSite constructorCallSite, RuntimeResolverContext context)
   at Microsoft.Extensions.DependencyInjection.ServiceLookup.CallSiteVisitor`2.VisitCallSiteMain(ServiceCallSite callSite, TArgument argument)
   at Microsoft.Extensions.DependencyInjection.ServiceLookup.CallSiteRuntimeResolver.VisitDisposeCache(ServiceCallSite transientCallSite, RuntimeResolverContext context)
   at Microsoft.Extensions.DependencyInjection.ServiceLookup.CallSiteVisitor`2.VisitCallSite(ServiceCallSite callSite, TArgument argument)
   at Microsoft.Extensions.DependencyInjection.ServiceLookup.CallSiteRuntimeResolver.Resolve(ServiceCallSite callSite, ServiceProviderEngineScope scope)
   at Microsoft.Extensions.DependencyInjection.ServiceLookup.DynamicServiceProviderEngine.<>c__DisplayClass2_0.<RealizeService>b__0(ServiceProviderEngineScope scope)
   at Microsoft.Extensions.DependencyInjection.ServiceProvider.GetService(ServiceIdentifier serviceIdentifier, ServiceProviderEngineScope serviceProviderEngineScope)
   at Microsoft.Extensions.DependencyInjection.ServiceProvider.GetService(Type serviceType)
   at Microsoft.Extensions.DependencyInjection.ServiceProviderServiceExtensions.GetRequiredService(IServiceProvider provider, Type serviceType)
   at Microsoft.Extensions.DependencyInjection.ServiceProviderServiceExtensions.GetRequiredService[T](IServiceProvider provider)
   at KhmerAstrology.WinForms.Program.Main() in D:\RiderProjects\KhmerAstrology\src\KhmerAstrology.WinForms\Program.cs:line 29
Startup failure: System.ArgumentOutOfRangeException: value ('0') must be less than '0'. (Parameter 'value')
Actual value was 0.
   at System.ArgumentOutOfRangeException.ThrowGreaterEqual[T](T value, T other, String paramName)
   at System.ArgumentOutOfRangeException.ThrowIfGreaterThanOrEqual[T](T value, T other, String paramName)
   at System.Windows.Forms.ComboBox.set_SelectedIndex(Int32 value)
   at KhmerAstrology.WinForms.MainForm.CountryComboBoxOnSelectedIndexChanged(Object sender, EventArgs e) in D:\RiderProjects\KhmerAstrology\src\KhmerAstrology.WinForms\MainForm.cs:line 807
   at KhmerAstrology.WinForms.MainForm.BuildInputPanel() in D:\RiderProjects\KhmerAstrology\src\KhmerAstrology.WinForms\MainForm.cs:line 383
   at KhmerAstrology.WinForms.MainForm.BuildTabs() in D:\RiderProjects\KhmerAstrology\src\KhmerAstrology.WinForms\MainForm.cs:line 237
   at KhmerAstrology.WinForms.MainForm.BuildLayout() in D:\RiderProjects\KhmerAstrology\src\KhmerAstrology.WinForms\MainForm.cs:line 113
   at KhmerAstrology.WinForms.MainForm..ctor(IAstrologyCalculationService astrologyCalculationService, ILocationReferenceDataSource locationReferenceDataSource, UiFontProvider fontProvider) in D:\RiderProjects\KhmerAstrology\src\KhmerAstrology.WinForms\MainForm.cs:line 82
   at System.Reflection.MethodBaseInvoker.InterpretedInvoke_Constructor(Object obj, IntPtr* args)
   at System.Reflection.MethodBaseInvoker.InvokeDirectByRefWithFewArgs(Object obj, Span`1 copyOfArgs, BindingFlags invokeAttr)
   at System.Reflection.MethodBaseInvoker.InvokeWithFewArgs(Object obj, BindingFlags invokeAttr, Binder binder, Object[] parameters, CultureInfo culture)
   at System.Reflection.RuntimeConstructorInfo.Invoke(BindingFlags invokeAttr, Binder binder, Object[] parameters, CultureInfo culture)
   at Microsoft.Extensions.DependencyInjection.ServiceLookup.CallSiteRuntimeResolver.VisitConstructor(ConstructorCallSite constructorCallSite, RuntimeResolverContext context)
   at Microsoft.Extensions.DependencyInjection.ServiceLookup.CallSiteVisitor`2.VisitCallSiteMain(ServiceCallSite callSite, TArgument argument)
   at Microsoft.Extensions.DependencyInjection.ServiceLookup.CallSiteRuntimeResolver.VisitDisposeCache(ServiceCallSite transientCallSite, RuntimeResolverContext context)
   at Microsoft.Extensions.DependencyInjection.ServiceLookup.CallSiteVisitor`2.VisitCallSite(ServiceCallSite callSite, TArgument argument)
   at Microsoft.Extensions.DependencyInjection.ServiceLookup.CallSiteRuntimeResolver.Resolve(ServiceCallSite callSite, ServiceProviderEngineScope scope)
   at Microsoft.Extensions.DependencyInjection.ServiceLookup.DynamicServiceProviderEngine.<>c__DisplayClass2_0.<RealizeService>b__0(ServiceProviderEngineScope scope)
   at Microsoft.Extensions.DependencyInjection.ServiceProvider.GetService(ServiceIdentifier serviceIdentifier, ServiceProviderEngineScope serviceProviderEngineScope)
   at Microsoft.Extensions.DependencyInjection.ServiceProvider.GetService(Type serviceType)
   at Microsoft.Extensions.DependencyInjection.ServiceProviderServiceExtensions.GetRequiredService(IServiceProvider provider, Type serviceType)
   at Microsoft.Extensions.DependencyInjection.ServiceProviderServiceExtensions.GetRequiredService[T](IServiceProvider provider)
   at KhmerAstrology.WinForms.Program.Main() in D:\RiderProjects\KhmerAstrology\src\KhmerAstrology.WinForms\Program.cs:line 29
